2026-08-27 19:33:32.116: [INFO] CurrentProfilePath: C:\Users\FIEECEC\Documents\EclipseWork\.metadata\.plugins\org.eclipse.swt\EBWebView\Default
2026-08-27 19:33:32.116: [INFO] Profiles total count: 1
2026-08-27 19:33:32.116: [INFO] Profile: name=Perfil 1 path=C:\Users\FIEECEC\Documents\EclipseWork\.metadata\.plugins\org.eclipse.swt\EBWebView\Default lastActive=null
2026-08-27 19:33:32.116: [INFO] LastUsedProfileDir: C:\Users\FIEECEC\Documents\EclipseWork\.metadata\.plugins\org.eclipse.swt\EBWebView\Default
2026-08-27 19:33:32.116: [INFO] OnDoneLoading sync enabled: 0
2026-08-27 19:33:32.116: [INFO] BookmarkModelLoaded, ids_reassigned: 0
2026-08-27 19:33:32.116: [INFO] BookmarksLoadDropped droppedNodes=0
2026-08-27 19:33:32.116: [INFO] BookmarksSnapshot Startup total=0 bar=0 other=0 mobile=0 showBar=0 showBarNTP=1
2026-08-27 19:33:42.322: [INFO] BookmarksSnapshot Shutdown total=0 bar=0 other=0 mobile=0 showBar=0 showBarNTP=1
2026-08-27 19:33:43.100: [INFO] CurrentProfilePath: C:\Users\FIEECEC\Documents\EclipseWork\.metadata\.plugins\org.eclipse.swt\EBWebView\Default
2026-08-27 19:33:43.100: [INFO] Profiles total count: 1
2026-08-27 19:33:43.100: [INFO] Profile: name=Perfil 1 path=C:\Users\FIEECEC\Documents\EclipseWork\.metadata\.plugins\org.eclipse.swt\EBWebView\Default lastActive=2026-08-27T19:33:32.777Z
2026-08-27 19:33:43.100: [INFO] LastUsedProfileDir: C:\Users\FIEECEC\Documents\EclipseWork\.metadata\.plugins\org.eclipse.swt\EBWebView\Default
2026-08-27 19:33:43.100: [INFO] MostRecentlyActiveProfile: name=Perfil 1 path=C:\Users\FIEECEC\Documents\EclipseWork\.metadata\.plugins\org.eclipse.swt\EBWebView\Default lastActive=2026-08-27T19:33:32.777Z
2026-08-27 19:33:43.100: [INFO] OnDoneLoading sync enabled: 0
2026-08-27 19:33:43.100: [INFO] BookmarkModelLoaded, ids_reassigned: 0
2026-08-27 19:33:43.100: [INFO] BookmarksLoadDropped droppedNodes=0
2026-08-27 19:33:43.100: [INFO] BookmarksSnapshot Startup total=0 bar=0 other=0 mobile=0 showBar=0 showBarNTP=1
2026-08-27 19:35:43.242: [INFO] BookmarksSnapshot Shutdown total=0 bar=0 other=0 mobile=0 showBar=0 showBarNTP=1
2026-08-28 20:27:00.241: [INFO] CurrentProfilePath: C:\Users\FIEECEC\Documents\EclipseWork\.metadata\.plugins\org.eclipse.swt\EBWebView\Default
2026-08-28 20:27:00.241: [INFO] Profiles total count: 1
2026-08-28 20:27:00.241: [INFO] Profile: name=Perfil 1 path=C:\Users\FIEECEC\Documents\EclipseWork\.metadata\.plugins\org.eclipse.swt\EBWebView\Default lastActive=2026-08-27T19:35:35.784Z
2026-08-28 20:27:00.241: [INFO] LastUsedProfileDir: C:\Users\FIEECEC\Documents\EclipseWork\.metadata\.plugins\org.eclipse.swt\EBWebView\Default
2026-08-28 20:27:00.241: [INFO] MostRecentlyActiveProfile: name=Perfil 1 path=C:\Users\FIEECEC\Documents\EclipseWork\.metadata\.plugins\org.eclipse.swt\EBWebView\Default lastActive=2026-08-27T19:35:35.784Z
2026-08-28 20:27:00.241: [INFO] OnDoneLoading sync enabled: 0
2026-08-28 20:27:00.241: [INFO] BookmarkModelLoaded, ids_reassigned: 0
2026-08-28 20:27:00.241: [INFO] BookmarksLoadDropped droppedNodes=0
2026-08-28 20:27:00.241: [INFO] BookmarksSnapshot Startup total=0 bar=0 other=0 mobile=0 showBar=0 showBarNTP=1
2026-08-28 20:27:25.122: [INFO] BookmarksSnapshot Shutdown total=0 bar=0 other=0 mobile=0 showBar=0 showBarNTP=1
2026-09-29 19:31:12.787: [INFO] CurrentProfilePath: C:\Users\FIEECEC\Documents\EclipseWork\.metadata\.plugins\org.eclipse.swt\EBWebView\Default
2026-09-29 19:31:12.787: [INFO] Profiles total count: 1
2026-09-29 19:31:12.787: [INFO] Profile: name=Perfil 1 path=C:\Users\FIEECEC\Documents\EclipseWork\.metadata\.plugins\org.eclipse.swt\EBWebView\Default lastActive=2026-08-28T20:27:24.320Z
2026-09-29 19:31:12.787: [INFO] LastUsedProfileDir: C:\Users\FIEECEC\Documents\EclipseWork\.metadata\.plugins\org.eclipse.swt\EBWebView\Default
2026-09-29 19:31:12.787: [INFO] MostRecentlyActiveProfile: name=Perfil 1 path=C:\Users\FIEECEC\Documents\EclipseWork\.metadata\.plugins\org.eclipse.swt\EBWebView\Default lastActive=2026-08-28T20:27:24.320Z
2026-09-29 19:31:12.787: [INFO] OnDoneLoading sync enabled: 0
2026-09-29 19:31:12.787: [INFO] BookmarkModelLoaded, ids_reassigned: 0
2026-09-29 19:31:12.787: [INFO] BookmarksLoadDropped droppedNodes=0
2026-09-29 19:31:12.787: [INFO] BookmarksSnapshot Startup total=0 bar=0 other=0 mobile=0 showBar=0 showBarNTP=1
2026-09-29 20:35:43.371: [INFO] BookmarksSnapshot Shutdown total=0 bar=0 other=0 mobile=0 showBar=0 showBarNTP=1
2026-09-29 20:36:06.816: [INFO] CurrentProfilePath: C:\Users\FIEECEC\Documents\EclipseWork\.metadata\.plugins\org.eclipse.swt\EBWebView\Default
2026-09-29 20:36:06.816: [INFO] Profiles total count: 1
2026-09-29 20:36:06.816: [INFO] Profile: name=Perfil 1 path=C:\Users\FIEECEC\Documents\EclipseWork\.metadata\.plugins\org.eclipse.swt\EBWebView\Default lastActive=2026-09-29T20:18:04.628Z
2026-09-29 20:36:06.816: [INFO] LastUsedProfileDir: C:\Users\FIEECEC\Documents\EclipseWork\.metadata\.plugins\org.eclipse.swt\EBWebView\Default
2026-09-29 20:36:06.816: [INFO] MostRecentlyActiveProfile: name=Perfil 1 path=C:\Users\FIEECEC\Documents\EclipseWork\.metadata\.plugins\org.eclipse.swt\EBWebView\Default lastActive=2026-09-29T20:18:04.628Z
2026-09-29 20:36:06.816: [INFO] OnDoneLoading sync enabled: 0
2026-09-29 20:36:06.816: [INFO] BookmarkModelLoaded, ids_reassigned: 0
2026-09-29 20:36:06.816: [INFO] BookmarksLoadDropped droppedNodes=0
2026-09-29 20:36:06.816: [INFO] BookmarksSnapshot Startup total=0 bar=0 other=0 mobile=0 showBar=0 showBarNTP=1
2026-09-29 20:41:19.932: [INFO] BookmarksSnapshot Shutdown total=0 bar=0 other=0 mobile=0 showBar=0 showBarNTP=1
2026-10-01 19:06:20.750: [INFO] CurrentProfilePath: C:\Users\FIEECEC\Documents\EclipseWork\.metadata\.plugins\org.eclipse.swt\EBWebView\Default
2026-10-01 19:06:20.750: [INFO] Profiles total count: 1
2026-10-01 19:06:20.751: [INFO] Profile: name=Perfil 1 path=C:\Users\FIEECEC\Documents\EclipseWork\.metadata\.plugins\org.eclipse.swt\EBWebView\Default lastActive=2026-09-29T20:41:18.506Z
2026-10-01 19:06:20.751: [INFO] LastUsedProfileDir: C:\Users\FIEECEC\Documents\EclipseWork\.metadata\.plugins\org.eclipse.swt\EBWebView\Default
2026-10-01 19:06:20.751: [INFO] MostRecentlyActiveProfile: name=Perfil 1 path=C:\Users\FIEECEC\Documents\EclipseWork\.metadata\.plugins\org.eclipse.swt\EBWebView\Default lastActive=2026-09-29T20:41:18.506Z
2026-10-01 19:06:20.751: [INFO] OnDoneLoading sync enabled: 0
2026-10-01 19:06:20.751: [INFO] BookmarkModelLoaded, ids_reassigned: 0
2026-10-01 19:06:20.751: [INFO] BookmarksLoadDropped droppedNodes=0
2026-10-01 19:06:20.751: [INFO] BookmarksSnapshot Startup total=0 bar=0 other=0 mobile=0 showBar=0 showBarNTP=1
2026-10-01 19:25:20.166: [INFO] BookmarksSnapshot Shutdown total=0 bar=0 other=0 mobile=0 showBar=0 showBarNTP=1
2026-10-01 19:25:43.389: [INFO] CurrentProfilePath: C:\Users\FIEECEC\Documents\EclipseWork\.metadata\.plugins\org.eclipse.swt\EBWebView\Default
2026-10-01 19:25:43.389: [INFO] Profiles total count: 1
2026-10-01 19:25:43.389: [INFO] Profile: name=Perfil 1 path=C:\Users\FIEECEC\Documents\EclipseWork\.metadata\.plugins\org.eclipse.swt\EBWebView\Default lastActive=2026-10-01T19:14:29.401Z
2026-10-01 19:25:43.389: [INFO] LastUsedProfileDir: C:\Users\FIEECEC\Documents\EclipseWork\.metadata\.plugins\org.eclipse.swt\EBWebView\Default
2026-10-01 19:25:43.389: [INFO] MostRecentlyActiveProfile: name=Perfil 1 path=C:\Users\FIEECEC\Documents\EclipseWork\.metadata\.plugins\org.eclipse.swt\EBWebView\Default lastActive=2026-10-01T19:14:29.401Z
2026-10-01 19:25:43.389: [INFO] OnDoneLoading sync enabled: 0
2026-10-01 19:25:43.389: [INFO] BookmarkModelLoaded, ids_reassigned: 0
2026-10-01 19:25:43.389: [INFO] BookmarksLoadDropped droppedNodes=0
2026-10-01 19:25:43.389: [INFO] BookmarksSnapshot Startup total=0 bar=0 other=0 mobile=0 showBar=0 showBarNTP=1
2026-10-01 21:04:54.570: [INFO] BookmarksSnapshot Shutdown total=0 bar=0 other=0 mobile=0 showBar=0 showBarNTP=1
