{"logTime": "0929/193112", "level": "INFO", "message": "UserPrefStore loaded: error=NONE (0)"}
{"logTime": "0929/193112", "level": "INFO", "message": "Preference changed: name=extensions.last_chrome_version, new_value=\"154.0.4258.37\", source=unknown"}
{"logTime": "0929/193112", "level": "INFO", "message": "Preference changed: name=gaia_cookie.periodic_report_time_2, new_value=\"13435183872749673\", source=unknown"}
{"logTime": "0929/193112", "level": "INFO", "message": "Preference changed: name=optimization_guide.previously_registered_optimization_types, new_value=[object], source=unknown"}
{"logTime": "0929/193112", "level": "INFO", "message": "Preference changed: name=extensions.chrome_url_overrides, new_value=[object], source=unknown"}
{"logTime": "0929/193112", "level": "INFO", "message": "Preference changed: name=browser.color_theme_user_on_first_check, new_value=false, source=unknown"}
{"logTime": "0929/193112", "level": "INFO", "message": "Preference changed: name=sessions.session_data_status, new_value=1, source=unknown"}
{"logTime": "0929/193112", "level": "INFO", "message": "Preference changed: name=sessions.event_log, new_value=[object], source=unknown"}
{"logTime": "0929/193112", "level": "INFO", "message": "Preference changed: name=optimization_guide.previously_registered_optimization_types, new_value=[object], source=unknown"}
{"logTime": "0929/193112", "level": "INFO", "message": "Preference changed: name=optimization_guide.previously_registered_optimization_types, new_value=[object], source=unknown"}
{"logTime": "0929/193112", "level": "INFO", "message": "Preference changed: name=optimization_guide.previously_registered_optimization_types, new_value=[object], source=unknown"}
{"logTime": "0929/193112", "level": "INFO", "message": "Preference changed: name=optimization_guide.previously_registered_optimization_types, new_value=[object], source=unknown"}
{"logTime": "0929/193112", "level": "INFO", "message": "Preference changed: name=optimization_guide.previously_registered_optimization_types, new_value=[object], source=unknown"}
{"logTime": "0929/193112", "level": "INFO", "message": "Preference changed: name=profile.network_pbs, new_value=[object], source=unknown"}
{"logTime": "0929/193112", "level": "INFO", "message": "Preference changed: name=extensions.settings, new_value=[object], source=unknown"}
{"logTime": "0929/193112", "level": "INFO", "message": "Preference changed: name=extensions.settings, new_value=[object], source=unknown"}
{"logTime": "0929/193112", "level": "INFO", "message": "Preference changed: name=extensions.settings, new_value=[object], source=unknown"}
{"logTime": "0929/193112", "level": "INFO", "message": "Preference changed: name=extensions.settings, new_value=[object], source=unknown"}
{"logTime": "0929/193112", "level": "INFO", "message": "Preference changed: name=extensions.settings, new_value=[object], source=unknown"}
{"logTime": "0929/193112", "level": "INFO", "message": "Preference changed: name=extensions.settings, new_value=[object], source=unknown"}
{"logTime": "0929/193112", "level": "INFO", "message": "Preference changed: name=extensions.settings, new_value=[object], source=unknown"}
{"logTime": "0929/193112", "level": "INFO", "message": "Preference changed: name=extensions.settings, new_value=[object], source=unknown"}
{"logTime": "0929/193112", "level": "INFO", "message": "Preference changed: name=extensions.settings, new_value=[object], source=unknown"}
{"logTime": "0929/193112", "level": "INFO", "message": "Preference changed: name=extensions.settings, new_value=[object], source=unknown"}
{"logTime": "0929/193112", "level": "INFO", "message": "Preference changed: name=extensions.settings, new_value=[object], source=unknown"}
{"logTime": "0929/193112", "level": "INFO", "message": "Preference changed: name=extensions.settings, new_value=[object], source=unknown"}
{"logTime": "0929/193112", "level": "INFO", "message": "Preference changed: name=extensions.settings, new_value=[object], source=unknown"}
{"logTime": "0929/193112", "level": "INFO", "message": "Preference changed: name=extensions.settings, new_value=[object], source=unknown"}
{"logTime": "0929/193112", "level": "INFO", "message": "Preference changed: name=extensions.settings, new_value=[object], source=unknown"}
{"logTime": "0929/193112", "level": "INFO", "message": "Preference changed: name=extensions.settings, new_value=[object], source=unknown"}
{"logTime": "0929/193112", "level": "INFO", "message": "Preference changed: name=extensions.settings, new_value=[object], source=unknown"}
{"logTime": "0929/193112", "level": "INFO", "message": "Preference changed: name=extensions.settings, new_value=[object], source=unknown"}
{"logTime": "0929/193112", "level": "INFO", "message": "Preference changed: name=extensions.settings, new_value=[object], source=unknown"}
{"logTime": "0929/193112", "level": "INFO", "message": "Preference changed: name=extensions.settings, new_value=[object], source=unknown"}
{"logTime": "0929/193112", "level": "INFO", "message": "Preference changed: name=profile.password_hash_data_list, new_value=[object], source=unknown"}
{"logTime": "0929/193112", "level": "INFO", "message": "Preference changed: name=schedule_to_flush_to_disk, new_value=\"13435183872786128\", source=unknown"}
{"logTime": "0929/193112", "level": "INFO", "message": "Preference changed: name=schedule_to_flush_to_disk, new_value=\"13435183872786936\", source=unknown"}
{"logTime": "0929/193112", "level": "INFO", "message": "Preference changed: name=prefs.tracked_preferences_reset, new_value=[object], source=unknown"}
{"logTime": "0929/193112", "level": "INFO", "message": "Preference changed: name=muid.last_sync, new_value=\"13435183872787154\", source=unknown"}
{"logTime": "0929/193112", "level": "INFO", "message": "Preference changed: name=bookmark.storage_computation_last_update, new_value=\"13435183872787341\", source=unknown"}
{"logTime": "0929/193112", "level": "INFO", "message": "Preference changed: name=commerce_daily_metrics_last_update_time, new_value=\"13435183872788056\", source=unknown"}
{"logTime": "0929/193112", "level": "INFO", "message": "Preference changed: name=extensions.settings, new_value=[object], source=unknown"}
{"logTime": "0929/193112", "level": "INFO", "message": "Preference changed: name=extensions.settings, new_value=[object], source=unknown"}
{"logTime": "0929/193112", "level": "INFO", "message": "Preference changed: name=extensions.settings, new_value=[object], source=unknown"}
{"logTime": "0929/193112", "level": "INFO", "message": "Preference changed: name=extensions.settings, new_value=[object], source=unknown"}
{"logTime": "0929/193112", "level": "INFO", "message": "Preference changed: name=extensions.chrome_url_overrides, new_value=[object], source=unknown"}
{"logTime": "0929/193112", "level": "INFO", "message": "Preference changed: name=edge.services.signin_scoped_device_id, new_value=\"01ea3ddb-6fec-423f-bf34-7e80f498f38c\", source=unknown"}
{"logTime": "0929/193112", "level": "INFO", "message": "Preference changed: name=account_tracker_service_last_update, new_value=\"13435183872789679\", source=unknown"}
{"logTime": "0929/193112", "level": "INFO", "message": "Preference changed: name=autofill.last_version_deduped, new_value=154, source=unknown"}
{"logTime": "0929/193112", "level": "INFO", "message": "Preference changed: name=optimization_guide.previously_registered_optimization_types, new_value=[object], source=unknown"}
{"logTime": "0929/193112", "level": "INFO", "message": "Preference changed: name=autofill.credit_card_enabled, new_value=false, source=unknown"}
{"logTime": "0929/193112", "level": "INFO", "message": "Preference changed: name=enable_edge_collections, new_value=false, source=unknown"}
{"logTime": "0929/193112", "level": "INFO", "message": "Preference changed: name=resolve_navigation_errors_use_web_service.enabled, new_value=false, source=unknown"}
{"logTime": "0929/193112", "level": "INFO", "message": "Preference changed: name=alternate_error_pages.enabled, new_value=false, source=unknown"}
{"logTime": "0929/193112", "level": "INFO", "message": "Preference changed: name=optimization_guide.previously_registered_optimization_types, new_value=[object], source=unknown"}
{"logTime": "0929/193112", "level": "INFO", "message": "Preference changed: name=in_product_help.session_start_time, new_value=\"13435183872848041\", source=unknown"}
{"logTime": "0929/193112", "level": "INFO", "message": "Preference changed: name=in_product_help.session_number, new_value=4, source=unknown"}
{"logTime": "0929/193112", "level": "INFO", "message": "Preference changed: name=in_product_help.session_last_active_time, new_value=\"13435183872848041\", source=unknown"}
{"logTime": "0929/193112", "level": "INFO", "message": "Preference changed: name=in_product_help.recent_session_start_times, new_value=[object], source=unknown"}
{"logTime": "0929/193112", "level": "INFO", "message": "Preference changed: name=intl.selected_languages, new_value=\"es,es-ES,en,en-GB,en-US\", source=unknown"}
{"logTime": "0929/193112", "level": "INFO", "message": "Preference changed: name=optimization_guide.previously_registered_optimization_types, new_value=[object], source=unknown"}
{"logTime": "0929/193112", "level": "INFO", "message": "Preference changed: name=profile.content_settings.exceptions.storage_access_header_origin_trial, new_value=[object], source=unknown"}
{"logTime": "0929/193112", "level": "INFO", "message": "Preference changed: name=spellcheck.dictionaries, new_value=[object], source=unknown"}
{"logTime": "0929/193112", "level": "INFO", "message": "Preference changed: name=autocomplete.retention_policy_last_version, new_value=154, source=unknown"}
{"logTime": "0929/193112", "level": "INFO", "message": "Preference changed: name=profile.content_settings.exceptions.site_engagement, new_value=[object], source=unknown"}
{"logTime": "0929/193112", "level": "INFO", "message": "Preference changed: name=profile.last_engagement_time, new_value=\"13435155072915544\", source=unknown"}
{"logTime": "0929/193113", "level": "INFO", "message": "Preference changed: name=edge_rewards.refresh_status_muted_until, new_value=\"13435788673021196\", source=unknown"}
{"logTime": "0929/193113", "level": "INFO", "message": "Preference changed: name=fsd.retention_policy_last_version, new_value=154, source=unknown"}
{"logTime": "0929/193113", "level": "INFO", "message": "Preference changed: name=profile.content_settings.exceptions.site_engagement, new_value=[object], source=unknown"}
{"logTime": "0929/193113", "level": "INFO", "message": "Preference changed: name=profile.last_engagement_time, new_value=\"13435183873290033\", source=unknown"}
{"logTime": "0929/193122", "level": "INFO", "message": "PrefStore write completed: store=4, success=true"}
{"logTime": "0929/193122", "level": "INFO", "message": "PrefStore write completed: store=4, success=true"}
{"logTime": "0929/193122", "level": "INFO", "message": "Preference changed: name=edge.bookmarks.last_dup_info_record_time, new_value=\"13435183882787603\", source=unknown"}
{"logTime": "0929/193132", "level": "INFO", "message": "PrefStore write completed: store=4, success=true"}
{"logTime": "0929/193142", "level": "INFO", "message": "Preference changed: name=profile.last_time_password_store_metrics_reported, new_value=1790710302.751442, source=unknown"}
{"logTime": "0929/193142", "level": "INFO", "message": "Preference changed: name=edge_wallet.passwords.password_lost_report_date, new_value=\"13435183902751762\", source=unknown"}
{"logTime": "0929/193152", "level": "INFO", "message": "PrefStore write completed: store=4, success=true"}
{"logTime": "0929/193212", "level": "INFO", "message": "Preference changed: name=password_manager.account_store_backup_password_cleaning_last_timestamp, new_value=\"13435183932763393\", source=unknown"}
{"logTime": "0929/193212", "level": "INFO", "message": "Preference changed: name=password_manager.profile_store_backup_password_cleaning_last_timestamp, new_value=\"13435183932763540\", source=unknown"}
{"logTime": "0929/193222", "level": "INFO", "message": "PrefStore write completed: store=4, success=true"}
{"logTime": "0929/200112", "level": "INFO", "message": "Preference changed: name=profile.observed_session_time, new_value=[object], source=unknown"}
{"logTime": "0929/200122", "level": "INFO", "message": "PrefStore write completed: store=4, success=true"}
{"logTime": "0929/201744", "level": "INFO", "message": "Preference changed: name=in_product_help.session_last_active_time, new_value=\"13435186664426759\", source=unknown"}
{"logTime": "0929/201754", "level": "INFO", "message": "Preference changed: name=profile.observed_session_time, new_value=[object], source=unknown"}
{"logTime": "0929/201804", "level": "INFO", "message": "PrefStore write completed: store=4, success=true"}
{"logTime": "0929/201813", "level": "INFO", "message": "Preference changed: name=profile.observed_session_time, new_value=[object], source=unknown"}
{"logTime": "0929/201823", "level": "INFO", "message": "PrefStore write completed: store=4, success=true"}
{"logTime": "0929/202331", "level": "INFO", "message": "Preference changed: name=sessions.event_log, new_value=[object], source=unknown"}
{"logTime": "0929/202341", "level": "INFO", "message": "PrefStore write completed: store=4, success=true"}
{"logTime": "0929/203543", "level": "INFO", "message": "Preference changed: name=language_dwell_time_average, new_value=[object], source=unknown"}
{"logTime": "0929/203543", "level": "INFO", "message": "Preference changed: name=language_usage_count, new_value=[object], source=unknown"}
{"logTime": "0929/203543", "level": "INFO", "message": "Preference changed: name=profile.content_settings.exceptions.media_engagement, new_value=[object], source=unknown"}
{"logTime": "0929/203543", "level": "INFO", "message": "Preference changed: name=sessions.session_data_status, new_value=2, source=unknown"}
{"logTime": "0929/203543", "level": "INFO", "message": "Preference changed: name=sessions.session_data_status, new_value=3, source=unknown"}
{"logTime": "0929/203606", "level": "INFO", "message": "UserPrefStore loaded: error=NONE (0)"}
{"logTime": "0929/203606", "level": "INFO", "message": "Preference changed: name=optimization_guide.previously_registered_optimization_types, new_value=[object], source=unknown"}
{"logTime": "0929/203606", "level": "INFO", "message": "Preference changed: name=extensions.chrome_url_overrides, new_value=[object], source=unknown"}
{"logTime": "0929/203606", "level": "INFO", "message": "Preference changed: name=sessions.session_data_status, new_value=1, source=unknown"}
{"logTime": "0929/203606", "level": "INFO", "message": "Preference changed: name=sessions.event_log, new_value=[object], source=unknown"}
{"logTime": "0929/203606", "level": "INFO", "message": "Preference changed: name=optimization_guide.previously_registered_optimization_types, new_value=[object], source=unknown"}
{"logTime": "0929/203606", "level": "INFO", "message": "Preference changed: name=optimization_guide.previously_registered_optimization_types, new_value=[object], source=unknown"}
{"logTime": "0929/203606", "level": "INFO", "message": "Preference changed: name=optimization_guide.previously_registered_optimization_types, new_value=[object], source=unknown"}
{"logTime": "0929/203606", "level": "INFO", "message": "Preference changed: name=optimization_guide.previously_registered_optimization_types, new_value=[object], source=unknown"}
{"logTime": "0929/203606", "level": "INFO", "message": "Preference changed: name=optimization_guide.previously_registered_optimization_types, new_value=[object], source=unknown"}
{"logTime": "0929/203606", "level": "INFO", "message": "Preference changed: name=profile.network_pbs, new_value=[object], source=unknown"}
{"logTime": "0929/203606", "level": "INFO", "message": "Preference changed: name=profile.password_hash_data_list, new_value=[object], source=unknown"}
{"logTime": "0929/203606", "level": "INFO", "message": "Preference changed: name=schedule_to_flush_to_disk, new_value=\"13435187766815299\", source=unknown"}
{"logTime": "0929/203606", "level": "INFO", "message": "Preference changed: name=prefs.tracked_preferences_reset, new_value=[object], source=unknown"}
{"logTime": "0929/203606", "level": "INFO", "message": "Preference changed: name=schedule_to_flush_to_disk, new_value=\"13435187766816315\", source=unknown"}
{"logTime": "0929/203606", "level": "INFO", "message": "Preference changed: name=prefs.tracked_preferences_reset, new_value=[object], source=unknown"}
{"logTime": "0929/203606", "level": "INFO", "message": "Preference changed: name=edge.services.signin_scoped_device_id, new_value=\"e2dcc859-df27-447f-9b27-b40ca41ca9e4\", source=unknown"}
{"logTime": "0929/203606", "level": "INFO", "message": "Preference changed: name=optimization_guide.previously_registered_optimization_types, new_value=[object], source=unknown"}
{"logTime": "0929/203606", "level": "INFO", "message": "Preference changed: name=extensions.chrome_url_overrides, new_value=[object], source=unknown"}
{"logTime": "0929/203606", "level": "INFO", "message": "Preference changed: name=autofill.credit_card_enabled, new_value=false, source=unknown"}
{"logTime": "0929/203606", "level": "INFO", "message": "Preference changed: name=enable_edge_collections, new_value=false, source=unknown"}
{"logTime": "0929/203606", "level": "INFO", "message": "Preference changed: name=resolve_navigation_errors_use_web_service.enabled, new_value=false, source=unknown"}
{"logTime": "0929/203606", "level": "INFO", "message": "Preference changed: name=alternate_error_pages.enabled, new_value=false, source=unknown"}
{"logTime": "0929/203606", "level": "INFO", "message": "Preference changed: name=optimization_guide.previously_registered_optimization_types, new_value=[object], source=unknown"}
{"logTime": "0929/203606", "level": "INFO", "message": "Preference changed: name=in_product_help.session_last_active_time, new_value=\"13435187766873969\", source=unknown"}
{"logTime": "0929/203606", "level": "INFO", "message": "Preference changed: name=optimization_guide.previously_registered_optimization_types, new_value=[object], source=unknown"}
{"logTime": "0929/203606", "level": "INFO", "message": "Preference changed: name=profile.content_settings.exceptions.storage_access_header_origin_trial, new_value=[object], source=unknown"}
{"logTime": "0929/203607", "level": "INFO", "message": "Preference changed: name=edge_rewards.coachmark_promotions, new_value=[object], source=unknown"}
{"logTime": "0929/203607", "level": "INFO", "message": "Preference changed: name=edge_rewards.hva_promotions, new_value=[object], source=unknown"}
{"logTime": "0929/203607", "level": "INFO", "message": "Preference changed: name=profile.content_settings.exceptions.site_engagement, new_value=[object], source=unknown"}
{"logTime": "0929/203607", "level": "INFO", "message": "Preference changed: name=profile.last_engagement_time, new_value=\"13435187767036411\", source=unknown"}
{"logTime": "0929/203616", "level": "INFO", "message": "PrefStore write completed: store=4, success=true"}
{"logTime": "0929/203616", "level": "INFO", "message": "PrefStore write completed: store=4, success=true"}
{"logTime": "0929/204119", "level": "INFO", "message": "Preference changed: name=profile.content_settings.exceptions.media_engagement, new_value=[object], source=unknown"}
{"logTime": "0929/204119", "level": "INFO", "message": "Preference changed: name=sessions.session_data_status, new_value=2, source=unknown"}
{"logTime": "0929/204119", "level": "INFO", "message": "Preference changed: name=sessions.session_data_status, new_value=3, source=unknown"}
{"logTime": "0929/204119", "level": "INFO", "message": "Preference changed: name=sessions.event_log, new_value=[object], source=unknown"}
{"logTime": "1001/190620", "level": "INFO", "message": "UserPrefStore loaded: error=NONE (0)"}
{"logTime": "1001/190620", "level": "INFO", "message": "Preference changed: name=extensions.last_chrome_version, new_value=\"154.0.4258.48\", source=unknown"}
{"logTime": "1001/190620", "level": "INFO", "message": "Preference changed: name=gaia_cookie.periodic_report_time_2, new_value=\"13435355180717946\", source=unknown"}
{"logTime": "1001/190620", "level": "INFO", "message": "Preference changed: name=optimization_guide.previously_registered_optimization_types, new_value=[object], source=unknown"}
{"logTime": "1001/190620", "level": "INFO", "message": "Preference changed: name=extensions.chrome_url_overrides, new_value=[object], source=unknown"}
{"logTime": "1001/190620", "level": "INFO", "message": "Preference changed: name=sessions.session_data_status, new_value=1, source=unknown"}
{"logTime": "1001/190620", "level": "INFO", "message": "Preference changed: name=sessions.event_log, new_value=[object], source=unknown"}
{"logTime": "1001/190620", "level": "INFO", "message": "Preference changed: name=optimization_guide.previously_registered_optimization_types, new_value=[object], source=unknown"}
{"logTime": "1001/190620", "level": "INFO", "message": "Preference changed: name=optimization_guide.previously_registered_optimization_types, new_value=[object], source=unknown"}
{"logTime": "1001/190620", "level": "INFO", "message": "Preference changed: name=optimization_guide.previously_registered_optimization_types, new_value=[object], source=unknown"}
{"logTime": "1001/190620", "level": "INFO", "message": "Preference changed: name=optimization_guide.previously_registered_optimization_types, new_value=[object], source=unknown"}
{"logTime": "1001/190620", "level": "INFO", "message": "Preference changed: name=optimization_guide.previously_registered_optimization_types, new_value=[object], source=unknown"}
{"logTime": "1001/190620", "level": "INFO", "message": "Preference changed: name=profile.network_pbs, new_value=[object], source=unknown"}
{"logTime": "1001/190620", "level": "INFO", "message": "Preference changed: name=extensions.settings, new_value=[object], source=unknown"}
{"logTime": "1001/190620", "level": "INFO", "message": "Preference changed: name=extensions.settings, new_value=[object], source=unknown"}
{"logTime": "1001/190620", "level": "INFO", "message": "Preference changed: name=profile.password_hash_data_list, new_value=[object], source=unknown"}
{"logTime": "1001/190620", "level": "INFO", "message": "Preference changed: name=schedule_to_flush_to_disk, new_value=\"13435355180748715\", source=unknown"}
{"logTime": "1001/190620", "level": "INFO", "message": "Preference changed: name=prefs.tracked_preferences_reset, new_value=[object], source=unknown"}
{"logTime": "1001/190620", "level": "INFO", "message": "Preference changed: name=schedule_to_flush_to_disk, new_value=\"13435355180749761\", source=unknown"}
{"logTime": "1001/190620", "level": "INFO", "message": "Preference changed: name=prefs.tracked_preferences_reset, new_value=[object], source=unknown"}
{"logTime": "1001/190620", "level": "INFO", "message": "Preference changed: name=muid.last_sync, new_value=\"13435355180749923\", source=unknown"}
{"logTime": "1001/190620", "level": "INFO", "message": "Preference changed: name=bookmark.storage_computation_last_update, new_value=\"13435355180750138\", source=unknown"}
{"logTime": "1001/190620", "level": "INFO", "message": "Preference changed: name=edge.services.signin_scoped_device_id, new_value=\"c7c62f17-36dd-403c-bc37-2261bec84d74\", source=unknown"}
{"logTime": "1001/190620", "level": "INFO", "message": "Preference changed: name=account_tracker_service_last_update, new_value=\"13435355180751792\", source=unknown"}
{"logTime": "1001/190620", "level": "INFO", "message": "Preference changed: name=commerce_daily_metrics_last_update_time, new_value=\"13435355180752802\", source=unknown"}
{"logTime": "1001/190620", "level": "INFO", "message": "Preference changed: name=optimization_guide.previously_registered_optimization_types, new_value=[object], source=unknown"}
{"logTime": "1001/190620", "level": "INFO", "message": "Preference changed: name=extensions.chrome_url_overrides, new_value=[object], source=unknown"}
{"logTime": "1001/190620", "level": "INFO", "message": "Preference changed: name=autofill.credit_card_enabled, new_value=false, source=unknown"}
{"logTime": "1001/190620", "level": "INFO", "message": "Preference changed: name=enable_edge_collections, new_value=false, source=unknown"}
{"logTime": "1001/190620", "level": "INFO", "message": "Preference changed: name=resolve_navigation_errors_use_web_service.enabled, new_value=false, source=unknown"}
{"logTime": "1001/190620", "level": "INFO", "message": "Preference changed: name=alternate_error_pages.enabled, new_value=false, source=unknown"}
{"logTime": "1001/190620", "level": "INFO", "message": "Preference changed: name=optimization_guide.previously_registered_optimization_types, new_value=[object], source=unknown"}
{"logTime": "1001/190620", "level": "INFO", "message": "Preference changed: name=in_product_help.session_start_time, new_value=\"13435355180813626\", source=unknown"}
{"logTime": "1001/190620", "level": "INFO", "message": "Preference changed: name=in_product_help.session_number, new_value=5, source=unknown"}
{"logTime": "1001/190620", "level": "INFO", "message": "Preference changed: name=in_product_help.session_last_active_time, new_value=\"13435355180813626\", source=unknown"}
{"logTime": "1001/190620", "level": "INFO", "message": "Preference changed: name=in_product_help.recent_session_start_times, new_value=[object], source=unknown"}
{"logTime": "1001/190620", "level": "INFO", "message": "Preference changed: name=optimization_guide.previously_registered_optimization_types, new_value=[object], source=unknown"}
{"logTime": "1001/190620", "level": "INFO", "message": "Preference changed: name=profile.content_settings.exceptions.storage_access_header_origin_trial, new_value=[object], source=unknown"}
{"logTime": "1001/190620", "level": "INFO", "message": "Preference changed: name=profile.content_settings.exceptions.site_engagement, new_value=[object], source=unknown"}
{"logTime": "1001/190620", "level": "INFO", "message": "Preference changed: name=profile.last_engagement_time, new_value=\"13435326380907497\", source=unknown"}
{"logTime": "1001/190620", "level": "INFO", "message": "Preference changed: name=edge_rewards.coachmark_promotions, new_value=[object], source=unknown"}
{"logTime": "1001/190620", "level": "INFO", "message": "Preference changed: name=edge_rewards.hva_promotions, new_value=[object], source=unknown"}
{"logTime": "1001/190621", "level": "INFO", "message": "Preference changed: name=profile.content_settings.exceptions.site_engagement, new_value=[object], source=unknown"}
{"logTime": "1001/190621", "level": "INFO", "message": "Preference changed: name=profile.last_engagement_time, new_value=\"13435355181288181\", source=unknown"}
{"logTime": "1001/190630", "level": "INFO", "message": "PrefStore write completed: store=4, success=true"}
{"logTime": "1001/190630", "level": "INFO", "message": "PrefStore write completed: store=4, success=true"}
{"logTime": "1001/190630", "level": "INFO", "message": "Preference changed: name=edge.bookmarks.last_dup_info_record_time, new_value=\"13435355190758247\", source=unknown"}
{"logTime": "1001/190640", "level": "INFO", "message": "PrefStore write completed: store=4, success=true"}
{"logTime": "1001/190650", "level": "INFO", "message": "Preference changed: name=profile.last_time_password_store_metrics_reported, new_value=1790881610.722123, source=unknown"}
{"logTime": "1001/190650", "level": "INFO", "message": "Preference changed: name=edge_wallet.passwords.password_lost_report_date, new_value=\"13435355210722386\", source=unknown"}
{"logTime": "1001/190700", "level": "INFO", "message": "PrefStore write completed: store=4, success=true"}
{"logTime": "1001/192520", "level": "INFO", "message": "Preference changed: name=sessions.event_log, new_value=[object], source=unknown"}
{"logTime": "1001/192520", "level": "INFO", "message": "Preference changed: name=language_dwell_time_average, new_value=[object], source=unknown"}
{"logTime": "1001/192520", "level": "INFO", "message": "Preference changed: name=language_usage_count, new_value=[object], source=unknown"}
{"logTime": "1001/192520", "level": "INFO", "message": "Preference changed: name=profile.content_settings.exceptions.media_engagement, new_value=[object], source=unknown"}
{"logTime": "1001/192520", "level": "INFO", "message": "Preference changed: name=sessions.session_data_status, new_value=2, source=unknown"}
{"logTime": "1001/192520", "level": "INFO", "message": "Preference changed: name=sessions.session_data_status, new_value=3, source=unknown"}
{"logTime": "1001/192543", "level": "INFO", "message": "UserPrefStore loaded: error=NONE (0)"}
{"logTime": "1001/192543", "level": "INFO", "message": "Preference changed: name=optimization_guide.previously_registered_optimization_types, new_value=[object], source=unknown"}
{"logTime": "1001/192543", "level": "INFO", "message": "Preference changed: name=extensions.chrome_url_overrides, new_value=[object], source=unknown"}
{"logTime": "1001/192543", "level": "INFO", "message": "Preference changed: name=sessions.session_data_status, new_value=1, source=unknown"}
{"logTime": "1001/192543", "level": "INFO", "message": "Preference changed: name=sessions.event_log, new_value=[object], source=unknown"}
{"logTime": "1001/192543", "level": "INFO", "message": "Preference changed: name=optimization_guide.previously_registered_optimization_types, new_value=[object], source=unknown"}
{"logTime": "1001/192543", "level": "INFO", "message": "Preference changed: name=optimization_guide.previously_registered_optimization_types, new_value=[object], source=unknown"}
{"logTime": "1001/192543", "level": "INFO", "message": "Preference changed: name=optimization_guide.previously_registered_optimization_types, new_value=[object], source=unknown"}
{"logTime": "1001/192543", "level": "INFO", "message": "Preference changed: name=optimization_guide.previously_registered_optimization_types, new_value=[object], source=unknown"}
{"logTime": "1001/192543", "level": "INFO", "message": "Preference changed: name=optimization_guide.previously_registered_optimization_types, new_value=[object], source=unknown"}
{"logTime": "1001/192543", "level": "INFO", "message": "Preference changed: name=profile.network_pbs, new_value=[object], source=unknown"}
{"logTime": "1001/192543", "level": "INFO", "message": "Preference changed: name=profile.password_hash_data_list, new_value=[object], source=unknown"}
{"logTime": "1001/192543", "level": "INFO", "message": "Preference changed: name=schedule_to_flush_to_disk, new_value=\"13435356343387737\", source=unknown"}
{"logTime": "1001/192543", "level": "INFO", "message": "Preference changed: name=prefs.tracked_preferences_reset, new_value=[object], source=unknown"}
{"logTime": "1001/192543", "level": "INFO", "message": "Preference changed: name=schedule_to_flush_to_disk, new_value=\"13435356343389065\", source=unknown"}
{"logTime": "1001/192543", "level": "INFO", "message": "Preference changed: name=prefs.tracked_preferences_reset, new_value=[object], source=unknown"}
{"logTime": "1001/192543", "level": "INFO", "message": "Preference changed: name=edge.services.signin_scoped_device_id, new_value=\"0abbdef2-7c07-40e7-8c0e-a0ed53db4268\", source=unknown"}
{"logTime": "1001/192543", "level": "INFO", "message": "Preference changed: name=optimization_guide.previously_registered_optimization_types, new_value=[object], source=unknown"}
{"logTime": "1001/192543", "level": "INFO", "message": "Preference changed: name=extensions.chrome_url_overrides, new_value=[object], source=unknown"}
{"logTime": "1001/192543", "level": "INFO", "message": "Preference changed: name=autofill.credit_card_enabled, new_value=false, source=unknown"}
{"logTime": "1001/192543", "level": "INFO", "message": "Preference changed: name=enable_edge_collections, new_value=false, source=unknown"}
{"logTime": "1001/192543", "level": "INFO", "message": "Preference changed: name=resolve_navigation_errors_use_web_service.enabled, new_value=false, source=unknown"}
{"logTime": "1001/192543", "level": "INFO", "message": "Preference changed: name=alternate_error_pages.enabled, new_value=false, source=unknown"}
{"logTime": "1001/192543", "level": "INFO", "message": "Preference changed: name=optimization_guide.previously_registered_optimization_types, new_value=[object], source=unknown"}
{"logTime": "1001/192543", "level": "INFO", "message": "Preference changed: name=in_product_help.session_last_active_time, new_value=\"13435356343451159\", source=unknown"}
{"logTime": "1001/192543", "level": "INFO", "message": "Preference changed: name=optimization_guide.previously_registered_optimization_types, new_value=[object], source=unknown"}
{"logTime": "1001/192543", "level": "INFO", "message": "Preference changed: name=profile.content_settings.exceptions.storage_access_header_origin_trial, new_value=[object], source=unknown"}
{"logTime": "1001/192543", "level": "INFO", "message": "Preference changed: name=browser.theme.color_scheme2, new_value=2, source=unknown"}
{"logTime": "1001/192543", "level": "INFO", "message": "Preference changed: name=edge_rewards.coachmark_promotions, new_value=[object], source=unknown"}
{"logTime": "1001/192543", "level": "INFO", "message": "Preference changed: name=edge_rewards.hva_promotions, new_value=[object], source=unknown"}
{"logTime": "1001/192543", "level": "INFO", "message": "Preference changed: name=profile.content_settings.exceptions.site_engagement, new_value=[object], source=unknown"}
{"logTime": "1001/192543", "level": "INFO", "message": "Preference changed: name=profile.last_engagement_time, new_value=\"13435356343903223\", source=unknown"}
{"logTime": "1001/192553", "level": "INFO", "message": "PrefStore write completed: store=4, success=true"}
{"logTime": "1001/192553", "level": "INFO", "message": "PrefStore write completed: store=4, success=true"}
{"logTime": "1001/201208", "level": "INFO", "message": "Preference changed: name=sessions.event_log, new_value=[object], source=unknown"}
{"logTime": "1001/201218", "level": "INFO", "message": "PrefStore write completed: store=4, success=true"}
{"logTime": "1001/210454", "level": "INFO", "message": "Preference changed: name=profile.content_settings.exceptions.media_engagement, new_value=[object], source=unknown"}
{"logTime": "1001/210454", "level": "INFO", "message": "Preference changed: name=sessions.session_data_status, new_value=2, source=unknown"}
{"logTime": "1001/210454", "level": "INFO", "message": "Preference changed: name=sessions.session_data_status, new_value=3, source=unknown"}
